---
source: tests/feature_tests/mod.rs
expression: "&source.trim()"
---
set -e
shopt -s expand_aliases

eval "$(fnm env)"
echo 'lts/*' > .node-version
fnm use --install-if-missing
fnm ls | grep lts-latest
