---
source: tests/feature_tests/mod.rs
expression: "&source.trim()"
---
set -e
eval "$(fnm env)"
echo lts/dubnium > .nvmrc
fnm install
fnm use
fnm ls | grep lts-dubnium
