---
source: tests/feature_tests/mod.rs
expression: "&source.trim()"
---
fnm env --use-on-cd | source
mkdir inner_path
echo v8.11.3 > inner_path/.nvmrc
fnm install v8.11.3
cd inner_path
if test (node -v) != "v8.11.3"
    echo 'Expected Node version to be "v8.11.3", Got: '(node -v)
    exit 1
end
