---
source: tests/feature_tests/mod.rs
expression: "&source.trim()"
---
set -e
shopt -s expand_aliases

eval "$(fnm --log-level='error' env)"
echo 'lts/*' > .node-version
fnm use 2>&1 | grep 'Requested version lts-latest is not currently installed'
