---
source: tests/feature_tests/mod.rs
expression: "&source.trim()"
---
set -e
eval "$(fnm env)"
fnm install --lts
fnm ls | grep lts-latest
fnm use 'lts/*'
