---
source: tests/feature_tests/mod.rs
expression: "&source.trim()"
---
FOR /f "tokens=*" %i IN ('fnm env') DO CALL %i
fnm ls
