---
source: tests/feature_tests/mod.rs
expression: "&source.trim()"
---
set -e
eval "$(fnm env)"
echo '{"engines": {"node": "^6 < 6.17.1"}}' > package.json
fnm install
fnm use
if [ "$(node -v)" != "v6.17.0" ]; then
    echo 'Expected Node version to be "v6.17.0", Got: '"$(node -v)"
    exit 1
fi
