// Jest Snapshot v1, https://goo.gl/fbAQLP

exports[`Bash outputs json: Bash 1`] = `
"set -e
fnm env --json > file.json"
`;

exports[`Fish outputs json: Fish 1`] = `"fnm env --json > file.json"`;

exports[`PowerShell outputs json: PowerShell 1`] = `
"$ErrorActionPreference = "Stop"
fnm env --json | Out-File file.json -Encoding UTF8"
`;

exports[`Zsh outputs json: Zsh 1`] = `
"set -e
fnm env --json > file.json"
`;
